         w __deregister_frame_info
         w __register_frame_info
         w userAppExit
         w userAppInit
00000000 00000802 B __ctru_dev_utf16_buf
00000000 A __sync_synchronize
00000000 b _TLS_MODULE_BASE_
00000000 a shift
00000804 00000401 B __ctru_dev_path_buf
00100000 A __start__
00100000 T _start
00100008 T __service_ptr
0010000c T __apt_appid
00100010 T __heap_size
00100014 T __linear_heap_size
00100018 T __system_arglist
0010001c T __system_runflags
00100020 t startup
00100058 t ClearMem
0010006c t ClrLoop
00100094 T _init
001000ac t .udivsi3_skip_div0_test
001000ac T __aeabi_uidiv
001000ac 000001ec T __udivsi3
00100298 00000020 T __aeabi_uidivmod
001002b8 00000004 W __aeabi_idiv0
001002b8 00000004 W __aeabi_ldiv0
001002bc T __aeabi_drsub
001002c4 000002b0 T __aeabi_dsub
001002c4 000002b0 T __subdf3
001002c8 000002ac T __adddf3
001002c8 000002ac T __aeabi_dadd
00100574 00000024 T __aeabi_ui2d
00100574 00000024 T __floatunsidf
00100598 00000028 T __aeabi_i2d
00100598 00000028 T __floatsidf
001005c0 00000048 T __aeabi_f2d
001005c0 00000048 T __extendsfdf2
00100608 00000074 T __aeabi_ul2d
00100608 00000074 T __floatundidf
0010061c 00000060 T __aeabi_l2d
0010061c 00000060 T __floatdidf
0010067c T __aeabi_ldivmod
00100768 00000390 T strcmp
00100af0 t __do_global_dtors_aux
00100b40 t frame_dummy
00100b6c 00000238 T main
00100da4 00000044 t C2Di_FrameEndHook
00100de8 00000368 T C2D_Init
00101150 0000004c T C2D_Fini
0010119c 000000bc T C2D_Prepare
00101258 00000048 T C2D_Flush
001012a0 000000fc T C2D_SceneSize
0010139c 00000060 T C2D_CreateScreenTarget
001013fc 00000060 T C2D_TargetClear
0010145c 0000014c T C2Di_CalcQuad
001015a8 00000054 T C2Di_AppendQuad
001015fc 00000738 T C2Di_Update
00101d34 000002e8 T C2D_DrawImage
0010201c 00000068 T C2D_SpriteSheetLoadFromHandle
00102084 00000048 T C2D_SpriteSheetLoad
001020cc 00000028 T C2D_SpriteSheetFree
001020f4 00000028 T C2D_SpriteSheetGetImage
0010211c 00000028 T AttrInfo_Init
00102144 00000094 T AttrInfo_AddLoader
001021d8 00000054 T C3D_SetAttrInfo
0010222c 00000080 T C3Di_AttrInfoBind
001022ac 00000004 W C3Di_LightEnvUpdate
001022b0 00000004 W C3Di_LightEnvDirty
001022b4 000000b4 t C3Di_AptEventHook
00102368 00000004 W C3Di_GasUpdate
0010236c 000001d0 T C3D_Init
0010253c 00000098 T C3D_SetViewport
001025d4 000004e8 T C3Di_UpdateContext
00102abc 000000e0 T C3Di_SplitFrame
00102b9c 00000044 T C3D_Fini
00102be0 00000194 T C3D_BindProgram
00102d74 00000024 T BufInfo_Init
00102d98 00000080 T BufInfo_Add
00102e18 0000003c T C3D_SetBufInfo
00102e54 00000048 T C3Di_BufInfoBind
00102e9c 0000021c T C3D_DrawElements
001030b8 00000040 T C3D_DepthMap
001030f8 0000001c T C3D_CullFace
00103114 00000040 T C3D_StencilTest
00103154 00000024 T C3D_StencilOp
00103178 0000001c T C3D_BlendingColor
00103194 00000024 T C3D_EarlyDepthTest
001031b8 0000002c T C3D_DepthTest
001031e4 0000002c T C3D_AlphaTest
00103210 00000050 T C3D_AlphaBlend
00103260 00000030 T C3D_FragOpMode
00103290 00000044 T C3D_FragOpShadow
001032d4 000001ac T C3Di_EffectBind
00103480 0000001c T C3D_CalcColorBufSize
0010349c 0000001c T C3D_CalcDepthBufSize
001034b8 00000044 T C3D_SetFrameBuf
001034fc 0000016c T C3Di_FrameBufBind
00103668 000000c8 T C3D_FrameBufClear
00103730 00000044 T C3D_FrameBufTransfer
00103774 000000a8 T C3D_ImmSendAttrib
0010381c 00000070 T C3D_ProcTexInit
0010388c 00000054 T C3D_ProcTexBind
001038e0 0000005c T C3D_ProcTexLutBind
0010393c 000000a4 T ProcTexLut_FromArray
001039e0 00000178 T C3Di_ProcTexUpdate
00103b58 00000068 T C3Di_ProcTexDirty
00103bc0 0000004c t onVBlank0
00103c0c 0000004c t onVBlank1
00103c58 00000080 t C3Di_RenderTargetDestroy
00103cd8 000000f4 t onQueueFinish
00103dcc 00000038 T C3Di_RenderQueueEnableVBlank
00103e04 00000030 T C3Di_RenderQueueDisableVBlank
00103e34 00000060 T C3Di_RenderQueueInit
00103e94 000000b4 T C3Di_RenderQueueExit
00103f48 00000034 T C3Di_RenderQueueWaitDone
00103f7c 000000e8 T C3D_FrameBegin
00104064 00000048 T C3D_FrameDrawOn
001040ac 00000058 T C3D_FrameSplit
00104104 000001d0 T C3D_FrameEnd
001042d4 0000001c T C3D_FrameEndHook
001042f0 00000170 T C3D_RenderTargetCreate
00104460 000000a8 T C3D_RenderTargetSetOutput
00104508 000000fc T C3D_SyncTextureCopy
00104604 000003d8 t Tex3DSi_ImportCommon
001049dc 00000038 T Tex3DS_TextureImportStdio
00104a14 0000001c T Tex3DS_GetSubTexture
00104a30 00000004 T Tex3DS_TextureFree
00104a34 00000034 T C3D_GetTexEnv
00104a68 00000024 T C3Di_TexEnvBind
00104a8c 00000290 T C3D_TexInitWithParams
00104d1c 000000c8 T C3D_TexLoadImage
00104de4 00000044 T C3D_TexBind
00104e28 00000074 T C3D_TexDelete
00104e9c 0000014c T C3Di_SetTex
00104fe8 00000290 T C3D_UpdateUniforms
00105278 000000c0 T C3Di_DirtyUniforms
00105338 000000d8 T C3Di_LoadShaderUniforms
00105410 00000028 T C3Di_ClearShaderUniforms
00105438 000000cc T Mtx_Ortho
00105504 000000cc T Mtx_OrthoTilt
001055d0 00000024 t addrMapNodeComparator(rbtree_node const*, rbtree_node const*)
001055f4 00000004 t addrMapNodeDestructor(rbtree_node*)
001055f8 0000012c T linearMemAlign
00105724 00000008 T linearAlloc
0010572c 0000005c T linearFree
00105788 00000088 T MemPool::CoalesceRight(MemBlock*)
00105810 00000178 T MemPool::Allocate(MemChunk&, unsigned long, int)
00105988 00000118 T MemPool::Deallocate(MemChunk const&)
00105aa0 00000030 T MemPool::GetFreeSpace()
00105ad0 00000024 t addrMapNodeComparator(rbtree_node const*, rbtree_node const*)
00105af4 00000004 t addrMapNodeDestructor(rbtree_node*)
00105af8 00000248 T vramMemAlignAt
00105d40 0000000c T vramAlloc
00105d4c 0000000c T vramAllocAt
00105d58 00000094 T vramFree
00105dec 000000cc t gfxPresentFramebuffer
00105eb8 00000010 T gfxSet3D
00105ec8 0000001c T gfxIsWide
00105ee4 000000f8 T gfxSetScreenFormat
00105fdc 000000d8 T gfxInit
001060b4 00000010 T gfxInitDefault
001060c4 000000b8 T gfxExit
0010617c 000000a0 T gfxGetFramebuffer
0010621c 00000028 T gfxScreenSwapBuffers
00106244 00000074 T osConvertVirtToPhys
001062b8 00000054 T osGetTimeRef
0010630c 000000ec T osGetTime
001063f8 00000034 T __ctru_speedup_config
0010642c 00000008 t romfs_close
00106434 000000ac t romfs_seek
001064e0 00000024 t romfs_dirreset
00106504 000000c0 t fill_dir
001065c4 000002ac t romfs_dirnext
00106870 00000074 t romfs_free
001068e4 000000d0 t searchForFile.constprop.0
001069b4 000000d4 t searchForDir.constprop.0
00106a88 000001c0 t navigateToDir.constprop.0
00106c48 00000114 t romfs_open
00106d5c 0000004c t romfs_chdir
00106da8 00000068 t romfs_diropen
00106e10 00000178 t romfs_stat
00106f88 00000008 t romfs_dirclose
00106f90 0000007c t romfs_fstat
0010700c 000000d0 t romfs_read
001070dc 00000294 T romfsMountFromFile
00107370 00000098 T romfsMountFromCurrentProcess
00107408 00000258 T romfsMountSelf
00107660 000000a0 T romfsUnmount
00107700 0000013c T GPUCMD_Add
0010783c 000000b0 T GPUCMD_Split
001078ec 00000034 T f32tof16
00107920 00000034 T f32tof24
00107954 00000038 T f32tof31
0010798c 00000010 T GX_BindQueue
0010799c 0000007c T GX_ProcessCommandList
00107a18 00000074 T GX_MemoryFill
00107a8c 00000074 T GX_DisplayTransfer
00107b00 00000078 T GX_TextureCopy
00107b78 00000064 t gxCmdQueueDoCommands.part.0
00107bdc 000000e4 T gxCmdQueueInterrupt
00107cc0 00000068 T gxCmdQueueClear
00107d28 00000108 T gxCmdQueueAdd
00107e30 00000080 T gxCmdQueueRun
00107eb0 00000064 T gxCmdQueueStop
00107f14 000000ac T gxCmdQueueWait
00107fc0 000001e0 T shaderInstanceInit
001081a0 00000018 T shaderInstanceGetUniformLocation
001081b8 0000001c T shaderProgramInit
001081d4 00000074 T shaderProgramFree
00108248 00000094 T shaderProgramSetVsh
001082dc 000008d0 T shaderProgramConfigure
00108bac 000001dc t DVLE_GenerateOutmap.part.0
00108d88 000001ac T DVLB_ParseFile
00108f34 00000050 T DVLB_Free
00108f84 00000074 T DVLE_GetUniformRegister
00108ff8 00000180 t aptConvertScreenForCapture
00109178 00000008 W aptDspSleep
00109180 00000004 W aptDspWakeup
00109184 00000004 W aptDspCancel
00109188 00000138 T aptSendCommand
001092c0 00000044 t aptExitProcess
00109304 00000394 T aptExit
00109698 000000d8 T aptHandleSleep
00109770 00000034 T aptHook
001097a4 00000030 T aptUnhook
001097d4 00000084 T APT_SleepIfShellClosed
00109858 00000078 T aptSetSleepAllowed
001098d0 00000084 T APT_UnlockTransition
00109958 00000470 t aptEventHandler
00109dc8 000000bc T APT_ReceiveParameter
00109e84 000000b0 t aptReceiveParameter.constprop.0
00109f38 00000294 t aptScreenTransfer
0010a1cc 000002d0 t aptWaitForWakeUp.isra.0
0010a49c 000000f4 T aptJumpToHomeMenu
0010a590 00000058 T aptMainLoop
0010a5e8 00000240 T aptInit
0010a828 00000090 T APT_CheckNew3DS
0010a8b8 00000104 T fsInit
0010a9bc 0000003c T fsExit
0010a9f8 00000068 T fsExemptFromSession
0010aa60 00000050 T fsUnexemptFromSession
0010aab0 000000cc T FSUSER_OpenFile
0010ab7c 000000cc T FSUSER_OpenFileDirectly
0010ac48 000000b8 T FSUSER_DeleteFile
0010ad00 000000f4 T FSUSER_RenameFile
0010adf4 000000b8 T FSUSER_DeleteDirectory
0010aeac 000000d0 T FSUSER_CreateFile
0010af7c 000000c0 T FSUSER_CreateDirectory
0010b03c 000000f4 T FSUSER_RenameDirectory
0010b130 000000b4 T FSUSER_OpenDirectory
0010b1e4 00000090 T FSUSER_OpenArchive
0010b274 0000008c T FSUSER_CloseArchive
0010b300 00000074 T FSUSER_GetSdmcArchiveResource
0010b374 00000064 T FSUSER_IsSdmcWritable
0010b3d8 00000064 T FSFILE_Read
0010b43c 0000006c T FSFILE_Write
0010b4a8 00000044 T FSFILE_GetSize
0010b4ec 00000028 T FSFILE_SetSize
0010b514 0000003c T FSFILE_Close
0010b550 00000024 T FSFILE_Flush
0010b574 00000060 T FSDIR_Read
0010b5d4 0000003c T FSDIR_Close
0010b610 00000c70 t gspHardwareInit
0010c280 00000288 T gspInit
0010c508 00000104 T gspExit
0010c60c 00000010 T gspHasGpuRight
0010c61c 000000a4 T gspPresentBuffer
0010c6c0 00000030 T gspSetEventCallback
0010c6f0 00000050 T gspWaitForEvent
0010c740 0000004c T gspWaitForAnyEvent
0010c78c 00000154 t gspEventThreadMain
0010c8e0 0000012c T gspSubmitGxCommand
0010ca0c 00000050 T GSPGPU_FlushDataCache
0010ca5c 00000034 T GSPGPU_SetLcdForceBlack
0010ca90 00000084 T GSPGPU_AcquireRight
0010cb14 00000064 T GSPGPU_ReleaseRight
0010cb78 0000007c T GSPGPU_ImportDisplayCaptureInfo
0010cbf4 0000002c T GSPGPU_SaveVramSysArea
0010cc20 0000002c T GSPGPU_RestoreVramSysArea
0010cc4c 00000024 W hidShouldUseIrrst
0010cc70 000001cc T hidInit
0010ce3c 000000e8 T hidExit
0010cf24 000002a0 T hidScanInput
0010d1c4 00000010 T hidKeysHeld
0010d1d4 000001a4 T irrstInit
0010d378 000000dc T irrstExit
0010d454 000000b4 T irrstScanInput
0010d508 00000024 T irrstKeysHeld
0010d52c 00000078 T ptmSysmInit
0010d5a4 0000003c T ptmSysmExit
0010d5e0 00000034 T PTMSYSM_ConfigureNew3DSCPU
0010d614 000000e0 t buffer_read
0010d6f4 000000cc t iov_read
0010d7c0 00000164 t iov_memmove
0010d924 000001e0 t decompress_rle
0010db04 00000264 t decompress_lzss
0010dd68 00000418 t decompress_lz11
0010e180 0000033c t decompress_huff.isra.0
0010e4bc 00000010 T decompressCallback_Stdio
0010e4cc 000000e4 T decompressHeader
0010e5b0 0000021c T decompressV
0010e7cc 00000074 T rbtree_find
0010e840 00000010 T rbtree_init
0010e850 00000198 t do_insert
0010e9e8 00000008 T rbtree_insert
0010e9f0 00000310 T rbtree_remove
0010ed00 00000090 T rbtree_rotate
0010ed90 000000e8 T utf16_to_utf8
0010ee78 000000c0 T utf8_to_utf16
0010ef38 000001e8 W __system_allocateHeaps
0010f120 00000038 W __libctru_init
0010f158 0000016c W __system_initArgv
0010f2c4 00000030 T __syscall_getreent
0010f2f4 00000064 T __syscall_gettod_r
0010f358 00000004 T __syscall_lock_acquire
0010f35c 00000004 T __syscall_lock_release
0010f360 00000004 T __syscall_lock_acquire_recursive
0010f364 00000004 T __syscall_lock_release_recursive
0010f368 00000004 T __syscall_exit
0010f36c 00000054 T initThreadVars
0010f3c0 00000080 T __system_initSyscalls
0010f440 T svcControlMemory
0010f460 T svcQueryMemory
0010f490 T svcExitProcess
0010f498 T svcCreateThread
0010f4b8 T svcExitThread
0010f4c0 T svcSleepThread
0010f4c8 T svcReleaseMutex
0010f4d0 T svcCreateEvent
0010f4e4 T svcSignalEvent
0010f4ec T svcClearEvent
0010f4f4 T svcMapMemoryBlock
0010f4fc T svcUnmapMemoryBlock
0010f504 T svcCreateAddressArbiter
0010f518 T svcArbitrateAddressNoTimeout
0010f520 T svcCloseHandle
0010f528 T svcWaitSynchronization
0010f530 T svcWaitSynchronizationN
0010f558 T svcDuplicateHandle
0010f56c T svcGetSystemTick
0010f574 T svcConnectToPort
0010f588 T svcSendSyncRequest
0010f590 T svcGetResourceLimit
0010f5a4 T svcGetResourceLimitLimitValues
0010f5ac T svcGetResourceLimitCurrentValues
0010f5b4 T svcBreak
0010f5bc T __aeabi_read_tp
0010f5c8 W initSystem
0010f618 W __ctru_exit
0010f62c 0000008c W envGetHandle
0010f6b8 00000050 W envDestroyHandles
0010f708 00000164 T srvInit
0010f86c 00000064 T srvExit
0010f8d0 00000060 T srvEnableNotification
0010f930 000000a0 T srvGetServiceHandleDirect
0010f9d0 00000048 T srvGetServiceHandle
0010fa18 00000034 T srvSubscribe
0010fa4c 00000060 T srvReceiveNotification
0010faac 00000038 T srvPublishToSubscriber
0010fae4 0000000c T __sync_init
0010faf0 00000018 T __sync_fini
0010fb08 00000028 T syncArbitrateAddress
0010fb30 000000ac T LightLock_Lock
0010fbdc 00000040 T LightLock_Unlock
0010fc1c 00000054 T RecursiveLock_Lock
0010fc70 00000054 T RecursiveLock_Unlock
0010fcc4 00000044 T LightEvent_Init
0010fd08 000000b8 T LightEvent_Clear
0010fdc0 000000dc T LightEvent_Signal
0010fe9c 00000050 T LightEvent_TryWait
0010feec 000000ac T LightEvent_Wait
0010ff98 000001fc T threadCreate
00110194 00000038 T threadFree
001101cc 00000024 T threadJoin
001101f0 00000030 T threadGetCurrent
00110220 00000040 T threadExit
00110260 00000020 t _thread_begin
00110280 00000090 t mappableFindAddressWithin
00110310 00000028 T mappableInit
00110338 0000007c T mappableAlloc
001103b4 00000004 T mappableFree
001103b8 0000000c T srvPmGetSessionHandle
001103c4 00000060 T rbtree_node_next
00110424 00000054 T decode_utf16
00110478 00000140 T decode_utf8
001105b8 00000054 T encode_utf16
0011060c 000000e0 T encode_utf8
001106ec 00000030 W __appExit
0011071c 00000030 W __appInit
0011074c 00000090 W __libctru_exit
001107dc 00000024 t error_cmp
00110800 00000050 t archive_translate_error
00110850 000000c0 t archive_seek
00110910 00000078 t _archiveInit.part.0
00110988 00000110 t archiveFindDevice.part.0
00110a98 00000298 t archive_utf16path
00110d30 00000098 t _archiveUnmountDeviceStruct.part.0
00110dc8 00000178 t _archiveMountDevice
00110f40 000000f8 t archive_diropen
00111038 000000ac t archive_fstat
001110e4 00000074 t archive_fsync
00111158 00000074 t archive_close
001111cc 00000078 t archive_dirclose
00111244 000000ec t sdmc_statvfs
00111330 000000f8 t archive_chdir
00111428 0000008c t archive_ftruncate
001114b4 000000bc t archive_read
00111570 000000a8 t archive_unlink
00111618 000000c0 t archive_rmdir
001116d8 000000d8 t archive_mkdir
001117b0 000001a0 t archive_stat
00111950 00000164 t archive_dirnext
00111ab4 0000013c t archive_write
00111bf0 00000254 t archive_open
00111e44 00000270 t archive_rename
001120b4 000001c8 T archiveMountSdmc
0011227c 00000054 T archiveUnmountAll
001122d0 00000264 T sinf
00112534 00000024 t with_errnof
00112558 0000001c T __math_invalidf
00112578 0000025c T cosf
001127d4 00000130 T __udivmoddi4
00112904 000000e4 T strncat
001129e8 00000128 T memcpy
00112b10 0000008c T strlen
00112b9c 00000334 T _fread_r
00112ed0 00000038 T fread
00112f08 00000078 T bsearch
00112f80 00000134 T _fopen_r
001130b4 00000028 T fopen
001130dc 00000028 T memalign
00113104 000001ec t _strtoul_l.isra.0
001132f0 0000003c T strtoul
0011332c 00000140 T strchr
0011346c 000000d8 T memcmp
00113544 00000028 T calloc
0011356c 0000016c T _memalign_r
001136d8 0000000c T __errno
001136e4 00000164 T __smakebuf_r
00113848 00000090 T __swhatbuf_r
001138d8 000000e4 T memset
001139bc 000000d8 T _calloc_r
00113a94 0000022c T __sflush_r
00113cc0 000000c4 T _fflush_r
00113d84 0000082c T _malloc_r
001145b0 00000114 T _malloc_trim_r
001146c4 00000314 T _free_r
001149d8 00000294 T setvbuf
00114c6c 0000001c t stdio_exit_handler
00114c88 0000005c t cleanup_stdio
00114ce4 00000154 t global_stdio_init.part.0
00114e38 00000138 T __sfp
00114f70 0000005c T __sinit
00114fcc 0000000c T __sfp_lock_acquire
00114fd8 0000000c T __sfp_lock_release
00114fe4 00000084 T __libc_init_array
00115068 000000d4 T strncpy
0011513c 0000001c T _fseek_r
00115158 00000040 T malloc
00115198 00000020 T free
001151b8 00000044 T __sread
001151fc 00000068 T __swrite
00115264 00000040 T __sseek
001152a4 00000008 T __sclose
001152ac 0000000c T __malloc_lock
001152b8 0000000c T __malloc_unlock
001152c4 00000588 T _fseeko_r
0011584c 00000148 T _fclose_r
00115994 00000020 T fclose
001159b4 00000048 T time
001159fc 00000004 W __call_exitprocs
00115a00 00000030 T exit
00115a30 000000b8 T __sflags
00115ae8 0000003c T __libc_fini_array
00115b24 0000003c T strnlen
00115b60 000000d8 T strncmp
00115c38 00000038 t lflush
00115c70 000001a8 T __srefill_r
00115e18 00000070 T _fwalk_sglue
00115e88 00000020 T _exit
00115ea8 00000140 T chdir
00115fe8 000001c8 T _concatenate_path
001161b0 0000009c T _fstat_r
0011624c 0000002c T __getreent
00116278 00000030 T _gettimeofday_r
001162a8 000000a0 T __release_handle
00116348 000000b0 T __alloc_handle
001163f8 00000058 T __get_handle
00116450 00000110 T _close_r
00116560 00000008 t null_write
00116568 00000018 T setDefaultDevice
00116580 00000098 T FindDevice
00116618 00000024 T RemoveDevice
0011663c 00000088 T AddDevice
001166c4 00000020 T GetDeviceOpTab
001166e4 00000008 T _isatty_r
001166ec 00000094 T _lseek_r
00116780 000000c0 T _open_r
00116840 00000094 T _read_r
001168d4 00000078 W _sbrk_r
0011694c 0000001c T __libc_lock_acquire
00116968 0000001c T __libc_lock_release
00116984 0000001c T __libc_lock_acquire_recursive
001169a0 0000001c T __libc_lock_release_recursive
001169bc 00000094 T _write_r
00116a50 00000048 T strrchr
00116a98 T _fini
00117000 00000008 r s_defaultTint.0
00117100 R render2d_shbin
0011728c 00000004 r depthFmtSizes
0011728c R render2d_shbin_end
00117290 00000005 r colorFmtSizes
00117298 00000010 r CSWTCH.11
001172a8 00000038 r CSWTCH.19
001172e0 00000080 r romFS_devoptab
00117388 00000008 r morton_y.2
00117390 00000008 r morton_x.3
00117398 00000008 r s_sleepWakeEvents.4
001173a0 0000000c r serviceNameTable.5
001173d0 00000030 r error_table
00117400 00000080 r archive_devoptab
00117480 00000060 R __inv_pio4
001174e0 000000e0 R __sincosf_table
001175c0 00000101 R _ctype_
001176c4 00000080 R dotab_stdnull
00117744 R __tdata_align
00117748 r __EH_FRAME_BEGIN__
00117748 R __exidx_end
00117748 R __exidx_start
00118000 00000008 d framerateCounter
00118008 00000004 d framerate
0011800c 00000004 d queueLock
00118010 00000004 d aptChainloadDeliverArgSize
00118014 00000004 d kCount
00118018 00000004 d kInterval
0011801c 00000004 d kDelay
00118020 W __stacksize__
00118024 00000004 D _impure_ptr
00118028 00000200 D _impure_data
00118228 00000004 D __malloc_sbrk_base
0011822c 00000004 D __malloc_trim_threshold
00118230 00000408 D __malloc_av_
00118638 0000000c D __sglue
00118644 00000400 d _current_working_directory
00118a48 00001000 d handles
00119a48 0000000c d __stderr_handle
00119a54 0000000c d __stdout_handle
00119a60 0000000c d __stdin_handle
00119a6c 0000008c D devoptab_list
00119af8 00000004 d defaultDevice
00119b04 d _GLOBAL_OFFSET_TABLE_
00119b10 d __frame_dummy_init_array_entry
00119b10 D __init_array_start
00119b10 B __preinit_array_end
00119b10 B __preinit_array_start
00119b10 D __tdata_lma
00119b10 D __tdata_lma_end
00119b14 d __do_global_dtors_aux_fini_array_entry
00119b14 D __fini_array_start
00119b14 D __init_array_end
00119b18 D __bss_start__
00119b18 000005a8 B __C2Di_Context
00119b18 D __fini_array_end
0011a0c0 00000040 b s_projTop
0011a100 00000040 b s_projBot
0011a140 00000004 b uLoc_mdlvMtx
0011a144 00000004 b uLoc_projMtx
0011a148 b completed.1
0011a14c b object.0
0011a164 0000000c b hookCookie
0011a170 000002d0 B __C3D_Context
0011a440 00000004 b frameEndCbData
0011a444 00000004 b frameEndCb
0011a448 00000008 b frameCounter
0011a450 00000001 b isTopStereo
0011a451 00000001 b needSwapBot
0011a452 00000001 b needSwapTop
0011a453 00000001 b measureGpuTime
0011a454 00000001 b inSafeTransfer
0011a455 00000001 b inFrame
0011a458 00000010 b cpuTime
0011a468 00000010 b gpuTime
0011a478 0000000c b linkedTarget
0011a484 00000004 b lastTarget
0011a488 00000004 b firstTarget
0011a48c 00000008 b C3Di_IVUnifEverDirty
0011a494 000000c0 b C3Di_FVUnifEverDirty
0011a554 00000018 b C3Di_ShaderFVecData
0011a56c 00000002 B C3D_BoolUnifsDirty
0011a570 00000008 B C3D_IVUnifDirty
0011a578 000000c0 B C3D_FVUnifDirty
0011a638 00000004 B C3D_BoolUnifs
0011a63c 00000020 B C3D_IVUnif
0011a65c 00000c00 B C3D_FVUnif
0011b260 00000008 b sLinearPool
0011b268 0000000c b sAddrMap
0011b278 00000008 b sVramPoolB
0011b280 00000008 b sVramPoolA
0011b288 0000000c b sAddrMap
0011b294 00000004 b screenAlloc
0011b298 00000004 b screenFree
0011b29c 00000002 b gfxIsDoubleBuf
0011b2a0 00000002 b gfxCurBuf
0011b2a2 00000001 b gfxIsVram
0011b2a3 00000001 b gfxTopMode
0011b2a4 00000002 b gfxFramebufferFormats
0011b2a8 00000004 b gfxBottomFramebufferMaxSize
0011b2ac 00000004 b gfxTopFramebufferMaxSize
0011b2b0 00000008 b gfxBottomFramebuffers
0011b2b8 00000008 b gfxTopFramebuffers
0011b2c0 00000001 V __ctru_speedup
0011b2c4 00000004 b romfs_mount_list
0011b2c8 00000004 V __romfs_path
0011b2cc 00000004 B gpuCmdBufOffset
0011b2d0 00000004 B gpuCmdBufSize
0011b2d4 00000004 B gpuCmdBuf
0011b2d8 00000004 b boundQueue
0011b2dc 00000001 b shouldStop
0011b2dd 00000001 b isRunning
0011b2de 00000001 b isActive
0011b2e0 00000004 b curQueue
0011b2e4 00000001 b flagValue.0
0011b2e5 00000001 b flagInit.1
0011b2e8 00000004 b serviceName.6
0011b2ec 00000001 b aptChainloadFlags
0011b2ed 00000001 b aptChainloadMediatype
0011b2f0 00000020 b aptChainloadHmac
0011b310 00000300 b aptChainloadDeliverArg
0011b610 00000008 b aptChainloadTid
0011b618 00001000 b aptParameters
0011c618 00000004 b aptFlags
0011c61c 00000001 b aptHomeButtonState
0011c620 00000004 b aptMessageFuncData
0011c624 00000004 b aptMessageFunc
0011c628 0000000c b aptFirstHook
0011c634 00000001 b aptEventHandlerThreadQuit
0011c638 00000004 b aptEventHandlerThread
0011c63c 00000008 b aptSleepEvent
0011c644 00000008 b aptReceiveEvent
0011c64c 00000008 b aptEvents
0011c654 00000004 b aptLockHandle
0011c658 00000004 b aptRefCount
0011c660 00000080 b fsExemptArchives
0011c6e0 00000004 b fsuRefCount
0011c6e4 00000004 b fsuHandle
0011c6e8 00000007 b gspEventCbOneShot
0011c6f0 0000001c b gspEventCbData
0011c70c 0000001c b gspEventCb
0011c728 00000038 b gspEvents
0011c760 00000004 b gspLastEvent
0011c764 00000001 b gspRunEvents
0011c768 00000004 b gspEventThread
0011c76c 00000004 b gspEvent
0011c770 00000001 b gspGpuRight
0011c771 00000001 b gspThreadId
0011c774 00000004 b gspSharedMem
0011c778 00000004 b gspSharedMemHandle
0011c77c 00000004 b gspRefCount
0011c780 00000004 b gspGpuHandle
0011c784 00000001 b usingIrrst
0011c788 00000004 b hidRefCount
0011c78c 00000006 b gRate
0011c794 00000006 b aVec
0011c79c 00000004 b cPos
0011c7a0 00000004 b tPos
0011c7a4 00000004 b kRepeat
0011c7a8 00000004 b kUp
0011c7ac 00000004 b kDown
0011c7b0 00000004 b kHeld
0011c7b4 00000004 b kOld
0011c7b8 00000004 B hidSharedMem
0011c7bc 00000014 B hidEvents
0011c7d0 00000004 B hidMemHandle
0011c7d4 00000004 B hidHandle
0011c7d8 00000004 b irrstRefCount
0011c7dc 00000004 b csPos
0011c7e0 00000004 b kHeld
0011c7e4 00000004 B irrstSharedMem
0011c7e8 00000004 B irrstEvent
0011c7ec 00000004 B irrstMemHandle
0011c7f0 00000004 B irrstHandle
0011c7f4 00000004 b ptmSysmRefCount
0011c7f8 00000004 b ptmSysmHandle
0011c7fc 00000004 V __ctru_linear_heap_size
0011c800 00000004 V __ctru_heap_size
0011c804 00000004 B __ctru_linear_heap
0011c808 00000004 B __ctru_heap
0011c80c 00000004 B __system_retAddr
0011c810 00000004 B __system_argv
0011c814 00000004 B __system_argc
0011c818 b saved_stack
0011c820 00000004 B __3dslink_host
0011c824 00000004 b srvRefCount
0011c828 00000004 b srvHandle
0011c82c 00000004 b arbiter
0011c830 00000004 b currentAddr
0011c834 00000004 b maxAddr
0011c838 00000004 b minAddr
0011c83c 00000004 b srvPmHandle
0011c840 000005c0 b archive_devices
0011ce00 00000004 b archive_device_cwd
0011ce04 00000001 b archive_initialized
0011ce08 00000028 B __malloc_current_mallinfo
0011ce30 00000004 B __malloc_max_total_mem
0011ce34 00000004 B __malloc_max_sbrked_mem
0011ce38 00000004 B __malloc_top_pad
0011ce3c 0000000c b __sfp_recursive_mutex
0011ce48 00000168 B __sf
0011cfb0 00000004 B __stdio_exit_handler
0011cfb4 0000000c b __malloc_recursive_mutex
0011cfc0 00000400 b temp_cwd
0011d3c0 00000004 b __hndl_lock
0011d3c4 00000004 B fake_heap_start
0011d3c8 00000004 B fake_heap_end
0011d3cc 00000004 b heap_start.0
0011d3d0 B __tls_start
0011dfd8 B __bss_end__
0011dfd8 A __end__
0011dfd8 B __tls_end
